cno/src/node/_internal/deep-equal.ts(40,23): error TS2345: Argument of type '{} | undefined' is not assignable to parameter of type 'object'.
cno/src/node/_internal/deep-equal.ts(96,35): error TS2345: Argument of type '{} | undefined' is not assignable to parameter of type 'object'.
cno/src/node/_internal/deep-equal.ts(105,63): error TS2345: Argument of type '{} | undefined' is not assignable to parameter of type 'object'.
cno/src/node/_internal/server-request-runtime.ts(12,16): error TS2536: Type '"writeHead"' cannot be used to index type 'TResponse'.
cno/src/node/_internal/server-request-runtime.ts(13,19): error TS2536: Type '"flushHeaders"' cannot be used to index type 'TResponse'.
cno/src/node/_internal/server-request-runtime.ts(14,12): error TS2536: Type '"write"' cannot be used to index type 'TResponse'.
cno/src/node/_internal/server-request-runtime.ts(15,10): error TS2536: Type '"end"' cannot be used to index type 'TResponse'.
cno/src/node/_internal/server-request-runtime.ts(159,5): error TS2322: Type 'TResponse["writeHead"]' is not assignable to type '(statusCode: number, statusMessageOrHeaders?: string | HeaderInput | undefined, headers?: HeaderInput | undefined) => TResponse'.
cno/src/node/_internal/server-request-runtime.ts(162,5): error TS2322: Type 'TResponse["end"]' is not assignable to type '(chunk?: unknown, encodingOrCb?: BufferEncoding | (() => void) | undefined, cb?: (() => void) | undefined) => TResponse'.
cno/src/node/_internal/server-response-adapter.ts(450,102): error TS2322: Type 'Uint8Array<ArrayBufferLike>' is not assignable to type 'Uint8Array'.
cno/src/node/_internal/server-response-adapter.ts(451,67): error TS2345: Argument of type 'Uint8Array<ArrayBufferLike>' is not assignable to parameter of type 'Uint8Array'.
cno/src/node/_internal/server-response-adapter.ts(474,13): error TS2322: Type 'Function' is not assignable to type '() => void'.
cno/src/node/_internal/server-response-adapter.ts(520,102): error TS2322: Type 'Uint8Array<ArrayBufferLike>' is not assignable to type 'Uint8Array'.
cno/src/node/_internal/server-response-adapter.ts(521,67): error TS2345: Argument of type 'Uint8Array<ArrayBufferLike>' is not assignable to parameter of type 'Uint8Array'.
cno/src/node/async_hooks/mod.ts(165,5): error TS2322: Type '(this: Promise<unknown>, onFulfilled?: unknown, onRejected?: unknown) => Promise<unknown>' is not assignable to type '<TResult1 = any, TResult2 = never>(onfulfilled?: ((value: any) => TResult1 | PromiseLike<TResult1>) | null | undefined, onrejected?: ((reason: any) => TResult2 | PromiseLike<...>) | null | undefined) => Promise<...>'.
cno/src/node/async_hooks/mod.ts(175,13): error TS2345: Argument of type 'unknown' is not assignable to parameter of type '((value: any) => unknown) | null | undefined'.
cno/src/node/async_hooks/mod.ts(197,45): error TS2345: Argument of type '(callback: () => void) => void' is not assignable to parameter of type 'AnyCallable'.
cno/src/node/async_hooks/mod.ts(209,41): error TS2345: Argument of type '(callback: unknown, delay?: number, ...args: unknown[]) => unknown' is not assignable to parameter of type 'AnyCallable'.
cno/src/node/async_hooks/mod.ts(283,42): error TS2345: Argument of type '(callback: unknown, delay?: number, ...args: unknown[]) => unknown' is not assignable to parameter of type 'AnyCallable'.
cno/src/node/async_hooks/mod.ts(384,13): error TS2322: Type 'unknown' is not assignable to type 'R'.
cno/src/node/async_hooks/mod.ts(396,13): error TS2322: Type 'unknown' is not assignable to type 'R'.
cno/src/node/async_hooks/mod.ts(425,9): error TS2322: Type 'unknown' is not assignable to type 'T | undefined'.
cno/src/node/async_hooks/mod.ts(442,12): error TS2394: This overload signature is not compatible with its implementation signature.
cno/src/node/child_process/mod.ts(658,21): error TS2304: Cannot find name 'setTimeout'.
cno/src/node/child_process/mod.ts(664,33): error TS2304: Cannot find name 'clearTimeout'.
cno/src/node/child_process/mod.ts(694,26): error TS2345: Argument of type '((error: Error | null, stdout: string, stderr: string) => void) | undefined' is not assignable to parameter of type '((err: Error | null, stdout: string | Buffer, stderr: string | Buffer) => void) | undefined'.
cno/src/node/child_process/mod.ts(725,19): error TS2339: Property 'kill' does not exist on type 'ChildProcess'.
cno/src/node/child_process/mod.ts(751,22): error TS2345: Argument of type 'unknown' is not assignable to parameter of type 'number | null | undefined'.
cno/src/node/child_process/mod.ts(783,13): error TS2322: Type '(error: Error | null, stdout: string, stderr: string) => void' is not assignable to type '(error: Error | null, stdout: string | Buffer, stderr: string | Buffer) => void'.
cno/src/node/child_process/mod.ts(786,13): error TS2322: Type '((error: Error | null, stdout: string, stderr: string) => void) | undefined' is not assignable to type '((error: Error | null, stdout: string | Buffer, stderr: string | Buffer) => void) | undefined'.
cno/src/node/child_process/mod.ts(789,9): error TS2322: Type '(error: Error | null, stdout: string, stderr: string) => void' is not assignable to type '(error: Error | null, stdout: string | Buffer, stderr: string | Buffer) => void'.
cno/src/node/child_process/mod.ts(793,13): error TS2322: Type '(error: Error | null, stdout: string, stderr: string) => void' is not assignable to type '(error: Error | null, stdout: string | Buffer, stderr: string | Buffer) => void'.
cno/src/node/console/mod.ts(281,9): error TS18046: 'process.emitWarning' is of type 'unknown'.
cno/src/node/constants/mod.ts(235,5): error TS2339: Property 'signals' does not exist on type 'Readonly<{ os: { UV_UDP_REUSEADDR: number; signals: SignalConstants; errno: Record<string, number>; dlopen: { RTLD_LAZY: number; RTLD_NOW: number; RTLD_GLOBAL: number; RTLD_LOCAL: number; RTLD_DEEPBIND: number; }; priority: { ...; }; }; ... 144 more ...; COPYFILE_FICLONE_FORCE: number; }> & { ...; }'.
cno/src/node/constants/mod.ts(236,5): error TS2339: Property 'errno' does not exist on type 'Readonly<{ os: { UV_UDP_REUSEADDR: number; signals: SignalConstants; errno: Record<string, number>; dlopen: { RTLD_LAZY: number; RTLD_NOW: number; RTLD_GLOBAL: number; RTLD_LOCAL: number; RTLD_DEEPBIND: number; }; priority: { ...; }; }; ... 144 more ...; COPYFILE_FICLONE_FORCE: number; }> & { ...; }'.
cno/src/node/constants/mod.ts(237,5): error TS2339: Property 'dlopen' does not exist on type 'Readonly<{ os: { UV_UDP_REUSEADDR: number; signals: SignalConstants; errno: Record<string, number>; dlopen: { RTLD_LAZY: number; RTLD_NOW: number; RTLD_GLOBAL: number; RTLD_LOCAL: number; RTLD_DEEPBIND: number; }; priority: { ...; }; }; ... 144 more ...; COPYFILE_FICLONE_FORCE: number; }> & { ...; }'.
cno/src/node/constants/mod.ts(238,5): error TS2339: Property 'priority' does not exist on type 'Readonly<{ os: { UV_UDP_REUSEADDR: number; signals: SignalConstants; errno: Record<string, number>; dlopen: { RTLD_LAZY: number; RTLD_NOW: number; RTLD_GLOBAL: number; RTLD_LOCAL: number; RTLD_DEEPBIND: number; }; priority: { ...; }; }; ... 144 more ...; COPYFILE_FICLONE_FORCE: number; }> & { ...; }'.
cno/src/node/crypto/helpers.ts(87,21): error TS2345: Argument of type 'KeyInput' is not assignable to parameter of type 'BinaryInput'.
cno/src/node/crypto/helpers.ts(353,30): error TS2345: Argument of type 'string | ArrayBuffer | Uint8Array<ArrayBufferLike> | (ArrayBufferView<ArrayBufferLike> & { ...; }) | (KeyObject & { ...; }) | ({ ...; } & { ...; })' is not assignable to parameter of type 'KeyInput'.
cno/src/node/crypto/helpers.ts(360,39): error TS2339: Property 'key' does not exist on type 'ArrayBufferView<ArrayBufferLike> | KeyObject | { key: KeyInput; oaepHash?: string | undefined; oaepLabel?: ArrayBuffer | Uint8Array<...> | undefined; }'.
cno/src/node/crypto/helpers.ts(362,32): error TS2339: Property 'oaepHash' does not exist on type 'ArrayBufferView<ArrayBufferLike> | KeyObject | { key: KeyInput; oaepHash?: string | undefined; oaepLabel?: ArrayBuffer | Uint8Array<...> | undefined; }'.
cno/src/node/crypto/helpers.ts(363,33): error TS2339: Property 'oaepLabel' does not exist on type 'ArrayBufferView<ArrayBufferLike> | KeyObject | { key: KeyInput; oaepHash?: string | undefined; oaepLabel?: ArrayBuffer | Uint8Array<...> | undefined; }'.
cno/src/node/crypto/helpers.ts(363,67): error TS2339: Property 'oaepLabel' does not exist on type 'ArrayBufferView<ArrayBufferLike> | KeyObject | { key: KeyInput; oaepHash?: string | undefined; oaepLabel?: ArrayBuffer | Uint8Array<...> | undefined; }'.
cno/src/node/crypto/mod.ts(76,25): error TS2345: Argument of type 'KeyInput' is not assignable to parameter of type 'BinaryInput'.
cno/src/node/crypto/mod.ts(77,32): error TS2345: Argument of type 'KeyInput' is not assignable to parameter of type 'BinaryInput'.
cno/src/node/crypto/mod.ts(338,5): error TS2322: Type 'string | Buffer' is not assignable to type 'string | ArrayBuffer'.
cno/src/node/crypto/mod.ts(388,64): error TS2345: Argument of type 'KeyInput' is not assignable to parameter of type 'BinaryInput'.
cno/src/node/crypto/mod.ts(418,5): error TS2322: Type 'string | Buffer' is not assignable to type 'string | ArrayBuffer'.
cno/src/node/crypto/mod.ts(586,44): error TS2345: Argument of type 'KeyInput' is not assignable to parameter of type 'BinaryInput'.
cno/src/node/crypto/mod.ts(1103,5): error TS2322: Type 'string | Buffer' is not assignable to type 'string | ArrayBuffer'.
cno/src/node/crypto/mod.ts(1123,5): error TS2322: Type 'string | Buffer' is not assignable to type 'string | ArrayBuffer'.
cno/src/node/crypto/mod.ts(1208,9): error TS2322: Type '(KeyInput | { key: KeyInput; type?: string | undefined; format?: "pem" | "der" | undefined; }) & { type: string; asymmetricKeyType: string; export(options?: unknown): string | ... 1 more ... | Uint8Array<...>; [kKeyData]: Uint8Array<...>; [kKeyFormat]: KeyFormat; }' is not assignable to type 'KeyObject'.
cno/src/node/crypto/mod.ts(1222,13): error TS2322: Type '(KeyInput | { key: KeyInput; type?: string | undefined; format?: "pem" | "der" | undefined; }) & { type: string; asymmetricKeyType: string; export(options?: unknown): string | ... 1 more ... | Uint8Array<...>; [kKeyData]: Uint8Array<...>; [kKeyFormat]: KeyFormat; }' is not assignable to type 'KeyObject'.
cno/src/node/crypto/mod.ts(1229,40): error TS2345: Argument of type 'string' is not assignable to parameter of type '"rsa" | "ec" | undefined'.
cno/src/node/crypto/mod.ts(1229,87): error TS2339: Property 'asymmetricKeyDetails' does not exist on type '(KeyInput | { key: KeyInput; type?: string | undefined; format?: "pem" | "der" | undefined; }) & { type: string; asymmetricKeyType: string; export(options?: unknown): string | ... 1 more ... | Uint8Array<...>; [kKeyData]: Uint8Array<...>; [kKeyFormat]: KeyFormat; }'.
cno/src/node/dgram/mod.ts(205,10): error TS2540: Cannot assign to 'isIPv6' because it is a read-only property.
cno/src/node/dgram/mod.ts(312,1): error TS2322: Type '(this: Socket, msg: string | Uint8Array | Array<string | Uint8Array>, port: number, addressOrCallback?: string | ((error: Error | null, bytes?: number) => void), callback?: (error: Error | null, bytes?: number) => void) => void' is not assignable to type '{ (msg: string | Uint8Array<ArrayBufferLike> | (string | Uint8Array<ArrayBufferLike>)[], offset: number, length: number, port: number, address?: string | undefined, callback?: ((error: Error | null, bytes?: number | undefined) => void) | undefined): void; (msg: string | ... 1 more ... | (string | Uint8Array<...>)[],...'.
cno/src/node/dgram/mod.ts(354,48): error TS2322: Type 'Function' is not assignable to type '(error: Error | null, bytes?: number | undefined) => void'.
cno/src/node/dgram/mod.ts(356,13): error TS2322: Type 'Function' is not assignable to type '(error: Error | null, bytes?: number | undefined) => void'.
cno/src/node/dgram/mod.ts(375,41): error TS2322: Type 'Function | undefined' is not assignable to type '((error: Error | null, bytes?: number | undefined) => void) | undefined'.
cno/src/node/dgram/mod.ts(379,41): error TS2322: Type 'Function | undefined' is not assignable to type '((error: Error | null, bytes?: number | undefined) => void) | undefined'.
cno/src/node/dgram/mod.ts(382,5): error TS2322: Type 'unknown' is not assignable to type 'number'.
cno/src/node/dgram/mod.ts(385,44): error TS2322: Type 'Function' is not assignable to type '(error: Error | null, bytes?: number | undefined) => void'.
cno/src/node/dgram/mod.ts(387,9): error TS2322: Type 'Function' is not assignable to type '(error: Error | null, bytes?: number | undefined) => void'.
cno/src/node/dgram/mod.ts(581,13): error TS2349: This expression is not callable.
cno/src/node/dgram/mod.ts(585,13): error TS2349: This expression is not callable.
cno/src/node/diagnostics_channel/mod.ts(132,24): error TS2339: Property 'hasSubscribers' does not exist on type '{ start: Channel; end: Channel; asyncStart: Channel; asyncEnd: Channel; error: Channel; subscribe(handlers: Partial<Record<"error" | "start" | "end" | "asyncStart" | "asyncEnd", MessageHandler>>): void; unsubscribe(handlers: Partial<...>): boolean; traceSync<T>(fn: (...args: unknown[]) => T, context?: Record<...>, t...'.
cno/src/node/diagnostics_channel/mod.ts(147,24): error TS2339: Property 'hasSubscribers' does not exist on type '{ start: Channel; end: Channel; asyncStart: Channel; asyncEnd: Channel; error: Channel; subscribe(handlers: Partial<Record<"error" | "start" | "end" | "asyncStart" | "asyncEnd", MessageHandler>>): void; unsubscribe(handlers: Partial<...>): boolean; traceSync<T>(fn: (...args: unknown[]) => T, context?: Record<...>, t...'.
cno/src/node/diagnostics_channel/mod.ts(176,24): error TS2339: Property 'hasSubscribers' does not exist on type '{ start: Channel; end: Channel; asyncStart: Channel; asyncEnd: Channel; error: Channel; subscribe(handlers: Partial<Record<"error" | "start" | "end" | "asyncStart" | "asyncEnd", MessageHandler>>): void; unsubscribe(handlers: Partial<...>): boolean; traceSync<T>(fn: (...args: unknown[]) => T, context?: Record<...>, t...'.
cno/src/node/fs/_promises.ts(37,33): error TS2769: No overload matches this call.
cno/src/node/fs/_promises.ts(132,92): error TS2591: Cannot find name 'fs'. Do you need to install type definitions for node? Try `npm i --save-dev @types/node` and then add 'node' to the types field in your tsconfig.
cno/src/node/fs/_promises.ts(138,93): error TS2591: Cannot find name 'fs'. Do you need to install type definitions for node? Try `npm i --save-dev @types/node` and then add 'node' to the types field in your tsconfig.
cno/src/node/fs/_promises.ts(176,43): error TS2345: Argument of type 'unknown' is not assignable to parameter of type 'object'.
cno/src/node/fs/_promises.ts(189,203): error TS2591: Cannot find name 'fs'. Do you need to install type definitions for node? Try `npm i --save-dev @types/node` and then add 'node' to the types field in your tsconfig.
cno/src/node/fs/_promises.ts(201,90): error TS2345: Argument of type '"buffer"' is not assignable to parameter of type 'BufferEncoding | { encoding?: "buffer" | BufferEncoding | null | undefined; } | undefined'.
cno/src/node/fs/_promises.ts(212,125): error TS2591: Cannot find name 'fs'. Do you need to install type definitions for node? Try `npm i --save-dev @types/node` and then add 'node' to the types field in your tsconfig.
cno/src/node/fs/_promises.ts(259,75): error TS2339: Property 'SymlinkType' does not exist on type 'typeof CModuleAsyncFS'.
cno/src/node/fs/_promises.ts(259,120): error TS2339: Property 'SymlinkType' does not exist on type 'typeof CModuleAsyncFS'.
cno/src/node/fs/_promises.ts(312,94): error TS2591: Cannot find name 'fs'. Do you need to install type definitions for node? Try `npm i --save-dev @types/node` and then add 'node' to the types field in your tsconfig.
cno/src/node/fs/callbacks.ts(16,73): error TS2591: Cannot find name 'fs'. Do you need to install type definitions for node? Try `npm i --save-dev @types/node` and then add 'node' to the types field in your tsconfig.
cno/src/node/fs/callbacks.ts(80,44): error TS2769: No overload matches this call.
cno/src/node/fs/callbacks.ts(112,63): error TS2769: No overload matches this call.
cno/src/node/fs/callbacks.ts(158,39): error TS2345: Argument of type 'string | null | undefined' is not assignable to parameter of type 'BufferEncoding | null | undefined'.
cno/src/node/fs/callbacks.ts(206,39): error TS2345: Argument of type 'string | null | undefined' is not assignable to parameter of type 'BufferEncoding | null | undefined'.
cno/src/node/fs/callbacks.ts(253,98): error TS2591: Cannot find name 'fs'. Do you need to install type definitions for node? Try `npm i --save-dev @types/node` and then add 'node' to the types field in your tsconfig.
cno/src/node/fs/callbacks.ts(257,65): error TS2591: Cannot find name 'fs'. Do you need to install type definitions for node? Try `npm i --save-dev @types/node` and then add 'node' to the types field in your tsconfig.
cno/src/node/fs/callbacks.ts(274,99): error TS2591: Cannot find name 'fs'. Do you need to install type definitions for node? Try `npm i --save-dev @types/node` and then add 'node' to the types field in your tsconfig.
cno/src/node/fs/callbacks.ts(278,65): error TS2591: Cannot find name 'fs'. Do you need to install type definitions for node? Try `npm i --save-dev @types/node` and then add 'node' to the types field in your tsconfig.
cno/src/node/fs/callbacks.ts(295,95): error TS2591: Cannot find name 'fs'. Do you need to install type definitions for node? Try `npm i --save-dev @types/node` and then add 'node' to the types field in your tsconfig.
cno/src/node/fs/callbacks.ts(299,65): error TS2591: Cannot find name 'fs'. Do you need to install type definitions for node? Try `npm i --save-dev @types/node` and then add 'node' to the types field in your tsconfig.
cno/src/node/fs/callbacks.ts(428,90): error TS2591: Cannot find name 'fs'. Do you need to install type definitions for node? Try `npm i --save-dev @types/node` and then add 'node' to the types field in your tsconfig.
cno/src/node/fs/callbacks.ts(450,54): error TS2345: Argument of type 'string | FsOptionBag' is not assignable to parameter of type 'BufferEncoding | { encoding?: "buffer" | BufferEncoding | null | undefined; } | undefined'.
cno/src/node/fs/callbacks.ts(453,94): error TS2345: Argument of type '"buffer"' is not assignable to parameter of type 'BufferEncoding | { encoding?: "buffer" | BufferEncoding | null | undefined; } | undefined'.
cno/src/node/fs/callbacks.ts(457,77): error TS2345: Argument of type 'string | FsOptionBag' is not assignable to parameter of type 'BufferEncoding | { encoding?: "buffer" | BufferEncoding | null | undefined; } | undefined'.
cno/src/node/fs/callbacks.ts(582,13): error TS18046: 'callback' is of type 'unknown'.
cno/src/node/fs/callbacks.ts(585,9): error TS18046: 'callback' is of type 'unknown'.
cno/src/node/fs/callbacks.ts(609,75): error TS2339: Property 'SymlinkType' does not exist on type 'typeof CModuleAsyncFS'.
cno/src/node/fs/callbacks.ts(609,120): error TS2339: Property 'SymlinkType' does not exist on type 'typeof CModuleAsyncFS'.
cno/src/node/fs/callbacks.ts(657,59): error TS2345: Argument of type 'string | FsOptionBag' is not assignable to parameter of type 'BufferEncoding | { encoding?: "buffer" | BufferEncoding | null | undefined; } | undefined'.
cno/src/node/fs/callbacks.ts(673,46): error TS2345: Argument of type 'string | FsOptionBag' is not assignable to parameter of type 'BufferEncoding | { encoding?: "buffer" | BufferEncoding | null | undefined; } | undefined'.
cno/src/node/fs/callbacks.ts(834,13): error TS2315: Type 'Buffer' is not generic.
cno/src/node/fs/callbacks.ts(875,13): error TS18046: 'callback' is of type 'unknown'.
cno/src/node/fs/callbacks.ts(877,13): error TS18046: 'callback' is of type 'unknown'.
cno/src/node/fs/callbacks.ts(903,34): error TS18046: 'offset' is of type 'unknown'.
cno/src/node/fs/callbacks.ts(923,13): error TS18046: 'callback' is of type 'unknown'.
cno/src/node/fs/callbacks.ts(926,9): error TS18046: 'callback' is of type 'unknown'.
cno/src/node/fs/callbacks.ts(949,13): error TS18046: 'callback' is of type 'unknown'.
cno/src/node/fs/callbacks.ts(951,13): error TS18046: 'callback' is of type 'unknown'.
cno/src/node/fs/callbacks.ts(982,100): error TS2591: Cannot find name 'fs'. Do you need to install type definitions for node? Try `npm i --save-dev @types/node` and then add 'node' to the types field in your tsconfig.
cno/src/node/fs/callbacks.ts(986,65): error TS2591: Cannot find name 'fs'. Do you need to install type definitions for node? Try `npm i --save-dev @types/node` and then add 'node' to the types field in your tsconfig.
cno/src/node/fs/glob.ts(8,42): error TS2591: Cannot find name 'fs'. Do you need to install type definitions for node? Try `npm i --save-dev @types/node` and then add 'node' to the types field in your tsconfig.
cno/src/node/fs/glob.ts(35,20): error TS2591: Cannot find name 'fs'. Do you need to install type definitions for node? Try `npm i --save-dev @types/node` and then add 'node' to the types field in your tsconfig.
cno/src/node/fs/sync.ts(36,33): error TS2769: No overload matches this call.
cno/src/node/fs/sync.ts(89,108): error TS2591: Cannot find name 'fs'. Do you need to install type definitions for node? Try `npm i --save-dev @types/node` and then add 'node' to the types field in your tsconfig.
cno/src/node/fs/sync.ts(95,62): error TS2345: Argument of type 'unknown' is not assignable to parameter of type 'object'.
cno/src/node/fs/sync.ts(100,109): error TS2591: Cannot find name 'fs'. Do you need to install type definitions for node? Try `npm i --save-dev @types/node` and then add 'node' to the types field in your tsconfig.
cno/src/node/fs/sync.ts(106,62): error TS2345: Argument of type 'unknown' is not assignable to parameter of type 'object'.
cno/src/node/fs/sync.ts(111,79): error TS2591: Cannot find name 'fs'. Do you need to install type definitions for node? Try `npm i --save-dev @types/node` and then add 'node' to the types field in your tsconfig.
cno/src/node/fs/sync.ts(153,43): error TS2345: Argument of type 'unknown' is not assignable to parameter of type 'object'.
cno/src/node/fs/sync.ts(166,193): error TS2591: Cannot find name 'fs'. Do you need to install type definitions for node? Try `npm i --save-dev @types/node` and then add 'node' to the types field in your tsconfig.
cno/src/node/fs/sync.ts(177,86): error TS2345: Argument of type '"buffer"' is not assignable to parameter of type 'BufferEncoding | { encoding?: "buffer" | BufferEncoding | null | undefined; } | undefined'.
cno/src/node/fs/sync.ts(187,115): error TS2591: Cannot find name 'fs'. Do you need to install type definitions for node? Try `npm i --save-dev @types/node` and then add 'node' to the types field in your tsconfig.
cno/src/node/fs/sync.ts(189,50): error TS2591: Cannot find name 'fs'. Do you need to install type definitions for node? Try `npm i --save-dev @types/node` and then add 'node' to the types field in your tsconfig.
cno/src/node/fs/sync.ts(410,84): error TS2591: Cannot find name 'fs'. Do you need to install type definitions for node? Try `npm i --save-dev @types/node` and then add 'node' to the types field in your tsconfig.
cno/src/node/fs/utils.ts(5,36): error TS2591: Cannot find name 'fs'. Do you need to install type definitions for node? Try `npm i --save-dev @types/node` and then add 'node' to the types field in your tsconfig.
cno/src/node/fs/utils.ts(97,17): error TS2322: Type 'Uint8Array<ArrayBufferLike>' is not assignable to type 'Uint8Array<ArrayBuffer>'.
cno/src/node/fs/utils.ts(309,91): error TS2591: Cannot find name 'fs'. Do you need to install type definitions for node? Try `npm i --save-dev @types/node` and then add 'node' to the types field in your tsconfig.
cno/src/node/fs/utils.ts(310,64): error TS2591: Cannot find name 'fs'. Do you need to install type definitions for node? Try `npm i --save-dev @types/node` and then add 'node' to the types field in your tsconfig.
cno/src/node/fs/utils.ts(337,82): error TS2591: Cannot find name 'fs'. Do you need to install type definitions for node? Try `npm i --save-dev @types/node` and then add 'node' to the types field in your tsconfig.
cno/src/node/fs/utils.ts(338,65): error TS2591: Cannot find name 'fs'. Do you need to install type definitions for node? Try `npm i --save-dev @types/node` and then add 'node' to the types field in your tsconfig.
cno/src/node/fs/utils.ts(490,71): error TS2591: Cannot find name 'fs'. Do you need to install type definitions for node? Try `npm i --save-dev @types/node` and then add 'node' to the types field in your tsconfig.
cno/src/node/fs/utils.ts(491,28): error TS2591: Cannot find name 'fs'. Do you need to install type definitions for node? Try `npm i --save-dev @types/node` and then add 'node' to the types field in your tsconfig.
cno/src/node/fs/utils.ts(492,72): error TS2591: Cannot find name 'fs'. Do you need to install type definitions for node? Try `npm i --save-dev @types/node` and then add 'node' to the types field in your tsconfig.
cno/src/node/fs/utils.ts(492,118): error TS2591: Cannot find name 'fs'. Do you need to install type definitions for node? Try `npm i --save-dev @types/node` and then add 'node' to the types field in your tsconfig.
cno/src/node/fs/utils.ts(495,35): error TS2591: Cannot find name 'fs'. Do you need to install type definitions for node? Try `npm i --save-dev @types/node` and then add 'node' to the types field in your tsconfig.
cno/src/node/fs/utils.ts(509,24): error TS2591: Cannot find name 'fs'. Do you need to install type definitions for node? Try `npm i --save-dev @types/node` and then add 'node' to the types field in your tsconfig.
cno/src/node/fs/utils.ts(540,60): error TS2591: Cannot find name 'fs'. Do you need to install type definitions for node? Try `npm i --save-dev @types/node` and then add 'node' to the types field in your tsconfig.
cno/src/node/fs/utils.ts(552,43): error TS2591: Cannot find name 'fs'. Do you need to install type definitions for node? Try `npm i --save-dev @types/node` and then add 'node' to the types field in your tsconfig.
cno/src/node/fs/utils.ts(850,55): error TS2769: No overload matches this call.
cno/src/node/fs/utils.ts(866,41): error TS2345: Argument of type 'Uint8Array<ArrayBufferLike>' is not assignable to parameter of type 'Uint8Array'.
cno/src/node/fs/utils.ts(867,41): error TS2345: Argument of type 'Uint8Array<ArrayBufferLike>' is not assignable to parameter of type 'Uint8Array'.
cno/src/node/fs/utils.ts(906,11): error TS2591: Cannot find name 'fs'. Do you need to install type definitions for node? Try `npm i --save-dev @types/node` and then add 'node' to the types field in your tsconfig.
cno/src/node/fs/utils.ts(909,23): error TS2591: Cannot find name 'fs'. Do you need to install type definitions for node? Try `npm i --save-dev @types/node` and then add 'node' to the types field in your tsconfig.
cno/src/node/fs/utils.ts(912,38): error TS2591: Cannot find name 'fs'. Do you need to install type definitions for node? Try `npm i --save-dev @types/node` and then add 'node' to the types field in your tsconfig.
cno/src/node/fs/utils.ts(919,28): error TS2591: Cannot find name 'fs'. Do you need to install type definitions for node? Try `npm i --save-dev @types/node` and then add 'node' to the types field in your tsconfig.
cno/src/node/fs/utils.ts(933,64): error TS2591: Cannot find name 'fs'. Do you need to install type definitions for node? Try `npm i --save-dev @types/node` and then add 'node' to the types field in your tsconfig.
cno/src/node/fs/utils.ts(944,47): error TS2591: Cannot find name 'fs'. Do you need to install type definitions for node? Try `npm i --save-dev @types/node` and then add 'node' to the types field in your tsconfig.
cno/src/node/fs/utils.ts(946,17): error TS2591: Cannot find name 'fs'. Do you need to install type definitions for node? Try `npm i --save-dev @types/node` and then add 'node' to the types field in your tsconfig.
cno/src/node/fs/watch.ts(11,40): error TS2591: Cannot find name 'fs'. Do you need to install type definitions for node? Try `npm i --save-dev @types/node` and then add 'node' to the types field in your tsconfig.
cno/src/node/fs/watch.ts(11,66): error TS2591: Cannot find name 'fs'. Do you need to install type definitions for node? Try `npm i --save-dev @types/node` and then add 'node' to the types field in your tsconfig.
cno/src/node/fs/watch.ts(34,18): error TS2591: Cannot find name 'fs'. Do you need to install type definitions for node? Try `npm i --save-dev @types/node` and then add 'node' to the types field in your tsconfig.
cno/src/node/fs/watch.ts(35,30): error TS2304: Cannot find name 'setInterval'.
cno/src/node/fs/watch.ts(143,44): error TS2591: Cannot find name 'fs'. Do you need to install type definitions for node? Try `npm i --save-dev @types/node` and then add 'node' to the types field in your tsconfig.
cno/src/node/fs/watch.ts(166,19): error TS2552: Cannot find name 'setInterval'. Did you mean 'interval'?
cno/src/node/fs/watch.ts(167,26): error TS2591: Cannot find name 'fs'. Do you need to install type definitions for node? Try `npm i --save-dev @types/node` and then add 'node' to the types field in your tsconfig.
cno/src/node/fs/watch.ts(199,5): error TS2304: Cannot find name 'clearInterval'.
cno/src/node/http/client.ts(80,18): error TS2320: Interface 'ClientRequestImpl' cannot simultaneously extend types 'ClientRequest' and 'ClientRequestState<Socket>'.
cno/src/node/http/client.ts(114,38): error TS2344: Type 'ClientRequestImpl' does not satisfy the constraint 'ClientRequestState<ClientTransport>'.
cno/src/node/http/client.ts(119,49): error TS2345: Argument of type 'ClientRequestImpl' is not assignable to parameter of type 'ClientRequestState<ClientTransport>'.
cno/src/node/http/client.ts(127,28): error TS2345: Argument of type 'ClientRequestImpl' is not assignable to parameter of type 'ClientRequestState<ClientTransport>'.
cno/src/node/http/client.ts(153,62): error TS2345: Argument of type 'OutgoingHttpHeader' is not assignable to parameter of type 'string | number | readonly string[]'.
cno/src/node/http/client.ts(159,31): error TS2345: Argument of type 'ClientRequestImpl' is not assignable to parameter of type 'ClientRequestState<ClientTransport>'.
cno/src/node/http/client.ts(184,40): error TS2345: Argument of type 'ClientRequestImpl' is not assignable to parameter of type 'ClientRequestState<ClientTransport>'.
cno/src/node/http/client.ts(186,27): error TS2345: Argument of type 'ClientRequestImpl' is not assignable to parameter of type 'ClientRequestState<ClientTransport>'.
cno/src/node/http/client.ts(190,25): error TS2345: Argument of type 'ClientRequestImpl' is not assignable to parameter of type 'ClientRequestState<ClientTransport>'.
cno/src/node/http/client.ts(194,5): error TS2740: Type 'ClientRequestState<ClientTransport>' is missing the following properties from type 'ClientRequestImpl': _tcp, _socketAssigned, _response, _userConnectionHeader, and 60 more.
cno/src/node/http/client.ts(194,23): error TS2345: Argument of type 'ClientRequestImpl' is not assignable to parameter of type 'ClientRequestState<ClientTransport>'.
cno/src/node/http/client.ts(198,18): error TS2345: Argument of type 'ClientRequestImpl' is not assignable to parameter of type 'ClientRequestState<ClientTransport>'.
cno/src/node/http/client.ts(202,5): error TS2740: Type 'ClientRequestState<ClientTransport>' is missing the following properties from type 'ClientRequestImpl': _tcp, _socketAssigned, _response, _userConnectionHeader, and 60 more.
cno/src/node/http/client.ts(202,27): error TS2345: Argument of type 'ClientRequestImpl' is not assignable to parameter of type 'ClientRequestState<ClientTransport>'.
cno/src/node/http/client.ts(218,33): error TS2345: Argument of type 'ClientRequestImpl' is not assignable to parameter of type 'ClientRequestState<ClientTransport>'.
cno/src/node/http/client.ts(224,20): error TS2345: Argument of type 'ClientRequestImpl' is not assignable to parameter of type 'ClientRequestState<ClientTransport>'.
cno/src/node/http/client.ts(237,46): error TS2345: Argument of type 'ClientRequestImpl' is not assignable to parameter of type 'ClientRequestState<ClientTransport>'.
cno/src/node/http/client.ts(249,5): error TS2740: Type 'ClientRequestState<ClientTransport>' is missing the following properties from type 'ClientRequestImpl': _tcp, _socketAssigned, _response, _userConnectionHeader, and 60 more.
cno/src/node/http/client.ts(249,30): error TS2345: Argument of type 'ClientRequestImpl' is not assignable to parameter of type 'ClientRequestState<ClientTransport>'.
cno/src/node/http/client.ts(313,65): error TS2304: Cannot find name 'setTimeout'.
cno/src/node/http/client.ts(330,96): error TS2345: Argument of type 'unknown' is not assignable to parameter of type 'Error | null'.
cno/src/node/http/client.ts(339,27): error TS2345: Argument of type 'Socket | null | undefined' is not assignable to parameter of type 'Socket | undefined'.
cno/src/node/http/client.ts(348,48): error TS2345: Argument of type 'unknown' is not assignable to parameter of type 'Error | null'.
cno/src/node/http/client.ts(445,13): error TS2304: Cannot find name 'clearTimeout'.
cno/src/node/http/client.ts(454,23): error TS2304: Cannot find name 'setTimeout'.
cno/src/node/https/mod.ts(162,12): error TS2345: Argument of type 'ServeHook | null' is not assignable to parameter of type 'ResponseAdapterServeHook | null | undefined'.
cno/src/node/https/mod.ts(324,21): error TS2345: Argument of type 'Uint8Array<ArrayBufferLike>' is not assignable to parameter of type 'Uint8Array'.
cno/src/node/https/mod.ts(367,28): error TS2769: No overload matches this call.
cno/src/node/https/mod.ts(414,23): error TS2345: Argument of type 'HttpsServerOptions | HttpsRequestListener | undefined' is not assignable to parameter of type 'HttpsServerOptions | undefined'.
cno/src/node/https/mod.ts(432,5): error TS2416: Property 'createConnection' in type 'Agent' is not assignable to the same property in base type 'Agent'.
cno/src/node/https/mod.ts(451,51): error TS2769: No overload matches this call.
cno/src/node/https/mod.ts(479,11): error TS2320: Interface 'HttpsClientRequest' cannot simultaneously extend types 'OutgoingMessageImpl' and 'ClientRequestState<TLSSocket>'.
cno/src/node/https/mod.ts(495,11): error TS2304: Cannot find name 'Socket'.
cno/src/node/https/mod.ts(520,39): error TS2344: Type 'HttpsClientRequest' does not satisfy the constraint 'ClientRequestState<ClientTransport>'.
cno/src/node/https/mod.ts(526,50): error TS2345: Argument of type 'HttpsClientRequest' is not assignable to parameter of type 'ClientRequestState<ClientTransport>'.
cno/src/node/https/mod.ts(535,28): error TS2345: Argument of type 'HttpsClientRequest' is not assignable to parameter of type 'ClientRequestState<ClientTransport>'.
cno/src/node/https/mod.ts(547,5): error TS2322: Type 'boolean | Agent | Agent' is not assignable to type 'boolean | Agent'.
cno/src/node/https/mod.ts(556,62): error TS2345: Argument of type 'OutgoingHttpHeader' is not assignable to parameter of type 'string | number | readonly string[]'.
cno/src/node/https/mod.ts(562,31): error TS2345: Argument of type 'HttpsClientRequest' is not assignable to parameter of type 'ClientRequestState<ClientTransport>'.
cno/src/node/https/mod.ts(586,40): error TS2345: Argument of type 'HttpsClientRequest' is not assignable to parameter of type 'ClientRequestState<ClientTransport>'.
cno/src/node/https/mod.ts(588,27): error TS2345: Argument of type 'HttpsClientRequest' is not assignable to parameter of type 'ClientRequestState<ClientTransport>'.
cno/src/node/https/mod.ts(600,46): error TS2345: Argument of type 'HttpsClientRequest' is not assignable to parameter of type 'ClientRequestState<ClientTransport>'.
cno/src/node/https/mod.ts(604,25): error TS2345: Argument of type 'HttpsClientRequest' is not assignable to parameter of type 'ClientRequestState<ClientTransport>'.
cno/src/node/https/mod.ts(608,23): error TS2345: Argument of type 'HttpsClientRequest' is not assignable to parameter of type 'ClientRequestState<ClientTransport>'.
cno/src/node/https/mod.ts(612,18): error TS2345: Argument of type 'HttpsClientRequest' is not assignable to parameter of type 'ClientRequestState<ClientTransport>'.
cno/src/node/https/mod.ts(616,27): error TS2345: Argument of type 'HttpsClientRequest' is not assignable to parameter of type 'ClientRequestState<ClientTransport>'.
cno/src/node/https/mod.ts(620,30): error TS2345: Argument of type 'HttpsClientRequest' is not assignable to parameter of type 'ClientRequestState<ClientTransport>'.
cno/src/node/https/mod.ts(624,20): error TS2345: Argument of type 'HttpsClientRequest' is not assignable to parameter of type 'ClientRequestState<ClientTransport>'.
cno/src/node/module/mod.ts(12,67): error TS2694: Namespace 'NodeJS' has no exported member 'Require'.
cno/src/node/module/mod.ts(31,21): error TS2694: Namespace 'NodeJS' has no exported member 'Require'.
cno/src/node/module/mod.ts(51,63): error TS2694: Namespace 'NodeJS' has no exported member 'Require'.
cno/src/node/module/mod.ts(67,65): error TS2694: Namespace 'NodeJS' has no exported member 'Require'.
cno/src/node/module/mod.ts(79,35): error TS2694: Namespace 'NodeJS' has no exported member 'Require'.
cno/src/node/net/mod.ts(206,35): error TS2304: Cannot find name 'setTimeout'.
cno/src/node/net/mod.ts(473,28): error TS2304: Cannot find name 'clearTimeout'.
cno/src/node/net/mod.ts(476,25): error TS2304: Cannot find name 'setTimeout'.
cno/src/node/net/mod.ts(938,13): error TS2722: Cannot invoke an object which is possibly 'undefined'.
cno/src/node/net/mod.ts(1008,9): error TS2304: Cannot find name 'clearTimeout'.
cno/src/node/net/mod.ts(1202,1): error TS2322: Type '(this: Server, portOrPathOrOptions?: unknown, ...args: Array<string | number | (() => void)>) => Server' is not assignable to type '{ (port?: number | undefined, hostname?: string | undefined, backlog?: number | undefined, listeningListener?: (() => void) | undefined): Server; (port?: number | undefined, hostname?: string | undefined, listeningListener?: (() => void) | undefined): Server; (port?: number | undefined, backlog?: number | undefined,...'.
cno/src/node/net/mod.ts(1330,9): error TS2740: Type 'Stream' is missing the following properties from type 'TCP': sockname, peername, connect, connectSync, and 3 more.
cno/src/node/os/mod.ts(26,7): error TS2559: Type 'typeof CModuleOS' has no properties in common with type 'PriorityNativeOS'.
cno/src/node/path/index.ts(44,20): error TS2591: Cannot find name 'node:path'. Do you need to install type definitions for node? Try `npm i --save-dev @types/node` and then add 'node' to the types field in your tsconfig.
cno/src/node/perf_hooks/mod.ts(275,45): error TS2339: Property 'then' does not exist on type '{}'.
cno/src/node/perf_hooks/mod.ts(276,35): error TS2339: Property 'then' does not exist on type '{}'.
cno/src/node/perf_hooks/mod.ts(367,35): error TS2304: Cannot find name 'setInterval'.
cno/src/node/perf_hooks/mod.ts(405,22): error TS2304: Cannot find name 'setInterval'.
cno/src/node/perf_hooks/mod.ts(416,13): error TS2304: Cannot find name 'clearInterval'.
cno/src/node/readline/mod.ts(260,26): error TS2345: Argument of type '(chunk: string | Uint8Array) => void' is not assignable to parameter of type '(...args: unknown[]) => void'.
cno/src/node/readline/mod.ts(261,15): error TS2339: Property 'once' does not exist on type 'ReadableStream & { __stream?: Stream | undefined; }'.
cno/src/node/readline/mod.ts(262,15): error TS2339: Property 'once' does not exist on type 'ReadableStream & { __stream?: Stream | undefined; }'.
cno/src/node/readline/mod.ts(263,15): error TS2339: Property 'once' does not exist on type 'ReadableStream & { __stream?: Stream | undefined; }'.
cno/src/node/readline/mod.ts(265,19): error TS2339: Property 'off' does not exist on type 'ReadableStream & { __stream?: Stream | undefined; }'.
cno/src/node/readline/mod.ts(266,19): error TS2339: Property 'off' does not exist on type 'ReadableStream & { __stream?: Stream | undefined; }'.
cno/src/node/readline/mod.ts(267,19): error TS2339: Property 'off' does not exist on type 'ReadableStream & { __stream?: Stream | undefined; }'.
cno/src/node/readline/mod.ts(268,19): error TS2339: Property 'off' does not exist on type 'ReadableStream & { __stream?: Stream | undefined; }'.
cno/src/node/repl/mod.ts(69,35): error TS2345: Argument of type 'unknown' is not assignable to parameter of type 'string'.
cno/src/node/sqlite/mod.ts(60,57): error TS2345: Argument of type 'BindParams' is not assignable to parameter of type 'SqliteParams | undefined'.
cno/src/node/sqlite/mod.ts(65,19): error TS2345: Argument of type 'BindParams' is not assignable to parameter of type 'SqliteParams | undefined'.
cno/src/node/sqlite/mod.ts(400,13): error TS2322: Type 'Function | undefined' is not assignable to type '((acc: any) => any) | undefined'.
cno/src/node/sqlite3/mod.ts(82,9): error TS2322: Type 'unknown' is not assignable to type 'Callback | undefined'.
cno/src/node/sqlite3/mod.ts(98,9): error TS2322: Type 'unknown' is not assignable to type 'RowCallback | undefined'.
cno/src/node/sqlite3/mod.ts(101,13): error TS2322: Type 'unknown' is not assignable to type 'RowCallback | undefined'.
cno/src/node/sqlite3/mod.ts(133,15): error TS2345: Argument of type 'BindParams' is not assignable to parameter of type 'SqliteParams | undefined'.
cno/src/node/sqlite3/mod.ts(139,19): error TS2345: Argument of type 'BindParams' is not assignable to parameter of type 'SqliteParams | undefined'.
cno/src/node/sqlite3/mod.ts(144,57): error TS2345: Argument of type 'BindParams' is not assignable to parameter of type 'SqliteParams | undefined'.
cno/src/node/sqlite3/mod.ts(152,28): error TS7053: Element implicitly has an 'any' type because expression of type 'string' can't be used to index type 'SqliteRow'.
cno/src/node/sqlite3/mod.ts(153,43): error TS7053: Element implicitly has an 'any' type because expression of type 'string' can't be used to index type 'SqliteRow'.
cno/src/node/sqlite3/mod.ts(254,42): error TS2345: Argument of type 'RowCallback | undefined' is not assignable to parameter of type 'Callback | undefined'.
cno/src/node/sqlite3/mod.ts(255,18): error TS2345: Argument of type 'CompleteCallback | undefined' is not assignable to parameter of type 'Callback | undefined'.
cno/src/node/sqlite3/mod.ts(257,35): error TS2345: Argument of type 'RowCallback' is not assignable to parameter of type 'Callback'.
cno/src/node/sqlite3/mod.ts(259,18): error TS2345: Argument of type 'CompleteCallback | undefined' is not assignable to parameter of type 'Callback | undefined'.
cno/src/node/sqlite3/mod.ts(330,17): error TS2322: Type 'Function | null' is not assignable to type '((sql: string) => void) | null'.
cno/src/node/sqlite3/mod.ts(333,17): error TS2322: Type 'Function | null' is not assignable to type '((sql: string, ms: number) => void) | null'.
cno/src/node/sqlite3/mod.ts(522,41): error TS2769: No overload matches this call.
cno/src/node/sqlite3/mod.ts(681,15): error TS2352: Conversion of type '(this: unknown, filename: string, mode?: number | Callback | undefined, callback?: Callback | undefined) => Database' to type 'typeof Database' may be a mistake because neither type sufficiently overlaps with the other. If this was intentional, convert the expression to 'unknown' first.
cno/src/node/timers/mod.ts(38,36): error TS2694: Namespace 'NodeJS' has no exported member 'Timeout'.
cno/src/node/timers/mod.ts(53,33): error TS2694: Namespace 'NodeJS' has no exported member 'Timeout'.
cno/src/node/timers/mod.ts(138,35): error TS2694: Namespace 'NodeJS' has no exported member 'Immediate'.
cno/src/node/timers/mod.ts(188,100): error TS2694: Namespace 'NodeJS' has no exported member 'Timeout'.
cno/src/node/timers/mod.ts(194,101): error TS2694: Namespace 'NodeJS' has no exported member 'Timeout'.
cno/src/node/timers/mod.ts(200,89): error TS2694: Namespace 'NodeJS' has no exported member 'Immediate'.
cno/src/node/timers/mod.ts(205,46): error TS2694: Namespace 'NodeJS' has no exported member 'Timeout'.
cno/src/node/timers/mod.ts(214,47): error TS2694: Namespace 'NodeJS' has no exported member 'Timeout'.
cno/src/node/timers/mod.ts(223,50): error TS2694: Namespace 'NodeJS' has no exported member 'Immediate'.
cno/src/node/tls/mod.ts(693,37): error TS2769: No overload matches this call.
cno/src/node/tls/mod.ts(722,35): error TS2769: No overload matches this call.
cno/src/node/tls/mod.ts(811,82): error TS2769: No overload matches this call.
cno/src/node/tls/mod.ts(817,29): error TS2345: Argument of type 'unknown' is not assignable to parameter of type 'ArrayBuffer | ArrayBufferView<ArrayBufferLike>'.
cno/src/node/tls/mod.ts(819,30): error TS18046: 'data' is of type 'unknown'.
cno/src/node/tls/mod.ts(1032,28): error TS2769: No overload matches this call.
cno/src/node/tls/mod.ts(1077,23): error TS2345: Argument of type 'TlsServerOptions | ((socket: TLSSocket) => void) | undefined' is not assignable to parameter of type 'TlsServerOptions | undefined'.
cno/src/node/tty/mod.ts(250,19): error TS2339: Property 'isTTY' does not exist on type 'WriteStream'.
cno/src/node/tty/mod.ts(271,19): error TS2339: Property 'isTTY' does not exist on type 'WriteStream'.
cno/src/node/util/mod.ts(191,48): error TS2345: Argument of type 'InspectOptions' is not assignable to parameter of type 'InspectOption'.
cno/src/node/util/mod.ts(193,68): error TS2345: Argument of type 'InspectOptions' is not assignable to parameter of type 'InspectOption'.
cno/src/node/util/mod.ts(237,25): error TS2322: Type 'number | null | undefined' is not assignable to type 'number | undefined'.
cno/src/node/util/mod.ts(251,59): error TS2345: Argument of type 'InspectOptions' is not assignable to parameter of type 'InspectOption'.
cno/src/node/util/mod.ts(432,9): error TS2322: Type 'number | boolean | undefined' is not assignable to type 'boolean | undefined'.
cno/src/node/util/mod.ts(500,14): error TS7006: Parameter 'result' implicitly has an 'any' type.
cno/src/node/util/mod.ts(501,14): error TS7006: Parameter 'err' implicitly has an 'any' type.
cno/src/node/util/types.ts(140,63): error TS2694: Namespace 'NodeJS' has no exported member 'TypedArray'.
cno/src/node/v8/mod.ts(112,19): error TS2345: Argument of type '(resolve: (value: unknown) => void, reject: (reason?: any) => void) => void' is not assignable to parameter of type '(resolve: (value: T | PromiseLike<T>) => void, reject: (reason?: any) => void) => void'.
cno/src/node/vm/mod.ts(348,80): error TS18048: 'options' is possibly 'undefined'.
cno/src/node/worker_threads/mod.ts(499,50): error TS2322: Type 'PassThrough | null' is not assignable to type 'ReadableStream | null'.
cno/src/node/worker_threads/mod.ts(500,50): error TS2322: Type 'PassThrough | null' is not assignable to type 'ReadableStream | null'.
cno/src/node/zlib/mod.ts(82,7): error TS2322: Type 'typeof CModuleBrotli | null' is not assignable to type 'BrotliNative'.
cno/src/node/zlib/mod.ts(368,13): error TS2554: Expected 1-2 arguments, but got 0.
cno/src/node/zlib/mod.ts(441,40): error TS2345: Argument of type 'Deflate' is not assignable to parameter of type 'ZlibHandle'.
cno/src/node/zlib/mod.ts(454,1): error TS2322: Type '(this: Deflate, chunk: ZlibInput, _e: BufferEncoding, cb: TransformCallback) => void' is not assignable to type '(chunk: unknown, encoding: BufferEncoding, callback: (error?: Error | null | undefined, data?: unknown) => void) => void'.
cno/src/node/zlib/mod.ts(458,1): error TS2322: Type '(this: Deflate, cb: TransformCallback) => void' is not assignable to type '(callback: (error?: Error | null | undefined, data?: unknown) => void) => void'.
cno/src/node/zlib/mod.ts(500,40): error TS2345: Argument of type 'Inflate' is not assignable to parameter of type 'ZlibHandle'.
cno/src/node/zlib/mod.ts(513,1): error TS2322: Type '(this: Inflate, chunk: ZlibInput, _e: BufferEncoding, cb: TransformCallback) => void' is not assignable to type '(chunk: unknown, encoding: BufferEncoding, callback: (error?: Error | null | undefined, data?: unknown) => void) => void'.
cno/src/node/zlib/mod.ts(517,1): error TS2322: Type '(this: Inflate, cb: TransformCallback) => void' is not assignable to type '(callback: (error?: Error | null | undefined, data?: unknown) => void) => void'.
cno/src/node/zlib/mod.ts(553,40): error TS2345: Argument of type 'Deflate' is not assignable to parameter of type 'ZlibHandle'.
cno/src/node/zlib/mod.ts(566,1): error TS2322: Type '(this: Gzip, chunk: ZlibInput, _e: BufferEncoding, cb: TransformCallback) => void' is not assignable to type '(chunk: unknown, encoding: BufferEncoding, callback: (error?: Error | null | undefined, data?: unknown) => void) => void'.
cno/src/node/zlib/mod.ts(570,1): error TS2322: Type '(this: Gzip, cb: TransformCallback) => void' is not assignable to type '(callback: (error?: Error | null | undefined, data?: unknown) => void) => void'.
cno/src/node/zlib/mod.ts(606,40): error TS2345: Argument of type 'Inflate' is not assignable to parameter of type 'ZlibHandle'.
cno/src/node/zlib/mod.ts(619,1): error TS2322: Type '(this: Gunzip, chunk: ZlibInput, _e: BufferEncoding, cb: TransformCallback) => void' is not assignable to type '(chunk: unknown, encoding: BufferEncoding, callback: (error?: Error | null | undefined, data?: unknown) => void) => void'.
cno/src/node/zlib/mod.ts(623,1): error TS2322: Type '(this: Gunzip, cb: TransformCallback) => void' is not assignable to type '(callback: (error?: Error | null | undefined, data?: unknown) => void) => void'.
cno/src/node/zlib/mod.ts(659,40): error TS2345: Argument of type 'Deflate' is not assignable to parameter of type 'ZlibHandle'.
cno/src/node/zlib/mod.ts(672,1): error TS2322: Type '(this: DeflateRaw, chunk: ZlibInput, _e: BufferEncoding, cb: TransformCallback) => void' is not assignable to type '(chunk: unknown, encoding: BufferEncoding, callback: (error?: Error | null | undefined, data?: unknown) => void) => void'.
cno/src/node/zlib/mod.ts(676,1): error TS2322: Type '(this: DeflateRaw, cb: TransformCallback) => void' is not assignable to type '(callback: (error?: Error | null | undefined, data?: unknown) => void) => void'.
cno/src/node/zlib/mod.ts(712,40): error TS2345: Argument of type 'Inflate' is not assignable to parameter of type 'ZlibHandle'.
cno/src/node/zlib/mod.ts(725,1): error TS2322: Type '(this: InflateRaw, chunk: ZlibInput, _e: BufferEncoding, cb: TransformCallback) => void' is not assignable to type '(chunk: unknown, encoding: BufferEncoding, callback: (error?: Error | null | undefined, data?: unknown) => void) => void'.
cno/src/node/zlib/mod.ts(729,1): error TS2322: Type '(this: InflateRaw, cb: TransformCallback) => void' is not assignable to type '(callback: (error?: Error | null | undefined, data?: unknown) => void) => void'.
cno/src/node/zlib/mod.ts(765,40): error TS2345: Argument of type 'Inflate' is not assignable to parameter of type 'ZlibHandle'.
cno/src/node/zlib/mod.ts(778,1): error TS2322: Type '(this: Unzip, chunk: ZlibInput, _e: BufferEncoding, cb: TransformCallback) => void' is not assignable to type '(chunk: unknown, encoding: BufferEncoding, callback: (error?: Error | null | undefined, data?: unknown) => void) => void'.
cno/src/node/zlib/mod.ts(782,1): error TS2322: Type '(this: Unzip, cb: TransformCallback) => void' is not assignable to type '(callback: (error?: Error | null | undefined, data?: unknown) => void) => void'.
cno/src/node/zlib/mod.ts(806,37): error TS2345: Argument of type 'O | undefined' is not assignable to parameter of type '(O & TransformOptions) | undefined'.
cno/src/node/zlib/mod.ts(962,1): error TS2322: Type '(this: BrotliCompress, chunk: ZlibInput, _e: BufferEncoding, cb: TransformCallback) => void' is not assignable to type '(chunk: unknown, encoding: BufferEncoding, callback: (error?: Error | null | undefined, data?: unknown) => void) => void'.
cno/src/node/zlib/mod.ts(969,1): error TS2322: Type '(this: BrotliCompress, cb: TransformCallback) => void' is not assignable to type '(callback: (error?: Error | null | undefined, data?: unknown) => void) => void'.
cno/src/node/zlib/mod.ts(1029,1): error TS2322: Type '(this: BrotliDecompress, chunk: ZlibInput, _e: BufferEncoding, cb: TransformCallback) => void' is not assignable to type '(chunk: unknown, encoding: BufferEncoding, callback: (error?: Error | null | undefined, data?: unknown) => void) => void'.
cno/src/node/zlib/mod.ts(1033,1): error TS2322: Type '(this: BrotliDecompress, cb: TransformCallback) => void' is not assignable to type '(callback: (error?: Error | null | undefined, data?: unknown) => void) => void'.
cno/src/utils/network-hooks.ts(25,69): error TS6059: File 'D:/docs/Documents/cno-cli/cts/src/utils/curl.ts' is not under 'rootDir' 'D:/docs/Documents/cno-cli/cno'. 'rootDir' is expected to contain all source files.
http/src/h1.ts(35,8): error TS6059: File 'D:/docs/Documents/cno-cli/http/src/h1-frame.ts' is not under 'rootDir' 'D:/docs/Documents/cno-cli/cno'. 'rootDir' is expected to contain all source files.
